0 verbose cli /data/data/com.termux/files/usr/bin/node /data/data/com.termux/files/usr/bin/npm
1 info using npm@11.19.1
2 info using node@v26.4.0
3 silly config load:file:/data/data/com.termux/files/usr/lib/node_modules/npm/npmrc
4 silly config load:file:/data/data/com.termux/files/home/my-turso-app/.npmrc
5 silly config load:file:/data/data/com.termux/files/home/.npmrc
6 silly config load:file:/data/data/com.termux/files/usr/etc/npmrc
7 verbose title npm install express cors @libsql/client
8 verbose argv "install" "express" "cors" "@libsql/client"
9 verbose logfile logs-max:10 dir:/data/data/com.termux/files/home/.npm/_logs/2026-09-14T23_09_31_662Z-
10 verbose logfile /data/data/com.termux/files/home/.npm/_logs/2026-09-14T23_09_31_662Z-debug-0.log
11 silly logfile done cleaning log files
12 silly packumentCache heap:1174405120 maxSize:293601280 maxEntrySize:146800640
13 silly idealTree buildDeps
14 silly fetch manifest express@*
15 silly packumentCache full:https://registry.npmjs.org/express cache-miss
16 http fetch GET 200 https://registry.npmjs.org/express 645ms (cache miss)
17 silly packumentCache full:https://registry.npmjs.org/express set size:undefined disposed:false
18 silly fetch manifest cors@*
19 silly packumentCache full:https://registry.npmjs.org/cors cache-miss
20 http fetch GET 200 https://registry.npmjs.org/cors 49ms (cache miss)
21 silly packumentCache full:https://registry.npmjs.org/cors set size:undefined disposed:false
22 silly fetch manifest @libsql/client@*
23 silly packumentCache full:https://registry.npmjs.org/@libsql%2fclient cache-miss
24 http fetch GET 200 https://registry.npmjs.org/@libsql%2fclient 1075ms (cache miss)
25 silly packumentCache full:https://registry.npmjs.org/@libsql%2fclient set size:undefined disposed:false
26 silly placeDep ROOT @libsql/client@0.18.0 OK for: my-turso-app@1.0.0 want: *
27 silly placeDep ROOT cors@2.8.6 OK for: my-turso-app@1.0.0 want: *
28 silly placeDep ROOT express@5.2.1 OK for: my-turso-app@1.0.0 want: *
29 silly fetch manifest libsql@^0.5.28
30 silly packumentCache full:https://registry.npmjs.org/libsql cache-miss
31 silly fetch manifest js-base64@^3.7.5
32 silly packumentCache full:https://registry.npmjs.org/js-base64 cache-miss
33 silly fetch manifest @libsql/core@^0.18.0
34 silly packumentCache full:https://registry.npmjs.org/@libsql%2fcore cache-miss
35 silly fetch manifest promise-limit@^2.7.0
36 silly packumentCache full:https://registry.npmjs.org/promise-limit cache-miss
37 silly fetch manifest @libsql/hrana-client@^0.10.0
38 silly packumentCache full:https://registry.npmjs.org/@libsql%2fhrana-client cache-miss
39 silly fetch manifest object-assign@^4
40 silly packumentCache full:https://registry.npmjs.org/object-assign cache-miss
41 http fetch GET 200 https://registry.npmjs.org/libsql 417ms (cache miss)
42 silly packumentCache full:https://registry.npmjs.org/libsql set size:undefined disposed:false
43 silly fetch manifest vary@^1
44 silly packumentCache full:https://registry.npmjs.org/vary cache-miss
45 http fetch GET 200 https://registry.npmjs.org/promise-limit 468ms (cache miss)
46 silly packumentCache full:https://registry.npmjs.org/promise-limit set size:undefined disposed:false
47 silly fetch manifest qs@^6.14.0
48 silly packumentCache full:https://registry.npmjs.org/qs cache-miss
49 http fetch GET 200 https://registry.npmjs.org/object-assign 470ms (cache miss)
50 silly packumentCache full:https://registry.npmjs.org/object-assign set size:undefined disposed:false
51 silly fetch manifest depd@^2.0.0
52 silly packumentCache full:https://registry.npmjs.org/depd cache-miss
53 http fetch GET 200 https://registry.npmjs.org/js-base64 497ms (cache miss)
54 silly packumentCache full:https://registry.npmjs.org/js-base64 set size:undefined disposed:false
55 silly fetch manifest etag@^1.8.1
56 silly packumentCache full:https://registry.npmjs.org/etag cache-miss
57 http fetch GET 200 https://registry.npmjs.org/etag 39ms (cache miss)
58 silly packumentCache full:https://registry.npmjs.org/etag set size:undefined disposed:false
59 silly fetch manifest once@^1.4.0
60 silly packumentCache full:https://registry.npmjs.org/once cache-miss
61 http fetch GET 200 https://registry.npmjs.org/@libsql%2fcore 675ms (cache miss)
62 silly packumentCache full:https://registry.npmjs.org/@libsql%2fcore set size:undefined disposed:false
63 silly fetch manifest send@^1.1.0
64 silly packumentCache full:https://registry.npmjs.org/send cache-miss
65 http fetch GET 200 https://registry.npmjs.org/send 45ms (cache miss)
66 silly packumentCache full:https://registry.npmjs.org/send set size:undefined disposed:false
67 silly fetch manifest vary@^1.1.2
68 silly packumentCache full:https://registry.npmjs.org/vary cache-miss
69 http fetch GET 200 https://registry.npmjs.org/vary 382ms (cache miss)
70 silly packumentCache full:https://registry.npmjs.org/vary set size:undefined disposed:false
71 silly fetch manifest debug@^4.4.0
72 silly packumentCache full:https://registry.npmjs.org/debug cache-miss
73 http fetch GET 200 https://registry.npmjs.org/vary 80ms (cache miss)
74 silly packumentCache full:https://registry.npmjs.org/vary set size:undefined disposed:false
75 silly fetch manifest fresh@^2.0.0
76 silly packumentCache full:https://registry.npmjs.org/fresh cache-miss
77 http fetch GET 200 https://registry.npmjs.org/fresh 53ms (cache miss)
78 silly packumentCache full:https://registry.npmjs.org/fresh set size:undefined disposed:false
79 silly fetch manifest cookie@^0.7.1
80 silly packumentCache full:https://registry.npmjs.org/cookie cache-miss
81 http fetch GET 200 https://registry.npmjs.org/depd 423ms (cache miss)
82 silly packumentCache full:https://registry.npmjs.org/depd set size:undefined disposed:false
83 silly fetch manifest router@^2.2.0
84 silly packumentCache full:https://registry.npmjs.org/router cache-miss
85 http fetch GET 200 https://registry.npmjs.org/qs 448ms (cache miss)
86 silly packumentCache full:https://registry.npmjs.org/qs set size:undefined disposed:false
87 silly fetch manifest accepts@^2.0.0
88 silly packumentCache full:https://registry.npmjs.org/accepts cache-miss
89 http fetch GET 200 https://registry.npmjs.org/once 403ms (cache miss)
90 silly packumentCache full:https://registry.npmjs.org/once set size:undefined disposed:false
91 silly fetch manifest type-is@^2.0.1
92 silly packumentCache full:https://registry.npmjs.org/type-is cache-miss
93 http fetch GET 200 https://registry.npmjs.org/debug 145ms (cache miss)
94 silly packumentCache full:https://registry.npmjs.org/debug set size:undefined disposed:false
95 silly fetch manifest parseurl@^1.3.3
96 silly packumentCache full:https://registry.npmjs.org/parseurl cache-miss
97 http fetch GET 200 https://registry.npmjs.org/router 75ms (cache miss)
98 silly packumentCache full:https://registry.npmjs.org/router set size:undefined disposed:false
99 silly fetch manifest statuses@^2.0.1
100 silly packumentCache full:https://registry.npmjs.org/statuses cache-miss
101 http fetch GET 200 https://registry.npmjs.org/accepts 69ms (cache miss)
102 silly packumentCache full:https://registry.npmjs.org/accepts set size:undefined disposed:false
103 silly fetch manifest encodeurl@^2.0.0
104 silly packumentCache full:https://registry.npmjs.org/encodeurl cache-miss
105 http fetch GET 200 https://registry.npmjs.org/@libsql%2fhrana-client 1022ms (cache miss)
106 silly packumentCache full:https://registry.npmjs.org/@libsql%2fhrana-client set size:undefined disposed:false
107 silly fetch manifest mime-types@^3.0.0
108 silly packumentCache full:https://registry.npmjs.org/mime-types cache-miss
109 http fetch GET 200 https://registry.npmjs.org/statuses 46ms (cache miss)
110 silly packumentCache full:https://registry.npmjs.org/statuses set size:undefined disposed:false
111 silly fetch manifest proxy-addr@^2.0.7
112 silly packumentCache full:https://registry.npmjs.org/proxy-addr cache-miss
113 http fetch GET 200 https://registry.npmjs.org/mime-types 103ms (cache miss)
114 silly packumentCache full:https://registry.npmjs.org/mime-types set size:undefined disposed:false
115 silly fetch manifest body-parser@^2.2.1
116 silly packumentCache full:https://registry.npmjs.org/body-parser cache-miss
117 http fetch GET 200 https://registry.npmjs.org/body-parser 97ms (cache miss)
118 silly packumentCache full:https://registry.npmjs.org/body-parser set size:undefined disposed:false
119 silly fetch manifest escape-html@^1.0.3
120 silly packumentCache full:https://registry.npmjs.org/escape-html cache-miss
121 http fetch GET 200 https://registry.npmjs.org/cookie 438ms (cache miss)
122 silly packumentCache full:https://registry.npmjs.org/cookie set size:undefined disposed:false
123 silly fetch manifest http-errors@^2.0.0
124 silly packumentCache full:https://registry.npmjs.org/http-errors cache-miss
125 http fetch GET 200 https://registry.npmjs.org/type-is 381ms (cache miss)
126 silly packumentCache full:https://registry.npmjs.org/type-is set size:undefined disposed:false
127 silly fetch manifest on-finished@^2.4.1
128 silly packumentCache full:https://registry.npmjs.org/on-finished cache-miss
129 http fetch GET 200 https://registry.npmjs.org/parseurl 377ms (cache miss)
130 silly packumentCache full:https://registry.npmjs.org/parseurl set size:undefined disposed:false
131 silly fetch manifest content-type@^1.0.5
132 silly packumentCache full:https://registry.npmjs.org/content-type cache-miss
133 http fetch GET 200 https://registry.npmjs.org/content-type 33ms (cache miss)
134 silly packumentCache full:https://registry.npmjs.org/content-type set size:undefined disposed:false
135 silly fetch manifest finalhandler@^2.1.0
136 silly packumentCache full:https://registry.npmjs.org/finalhandler cache-miss
137 http fetch GET 200 https://registry.npmjs.org/encodeurl 395ms (cache miss)
138 silly packumentCache full:https://registry.npmjs.org/encodeurl set size:undefined disposed:false
139 silly fetch manifest range-parser@^1.2.1
140 silly packumentCache full:https://registry.npmjs.org/range-parser cache-miss
141 http fetch GET 200 https://registry.npmjs.org/proxy-addr 381ms (cache miss)
142 silly packumentCache full:https://registry.npmjs.org/proxy-addr set size:undefined disposed:false
143 silly fetch manifest serve-static@^2.2.0
144 silly packumentCache full:https://registry.npmjs.org/serve-static cache-miss
145 http fetch GET 200 https://registry.npmjs.org/range-parser 27ms (cache miss)
146 silly packumentCache full:https://registry.npmjs.org/range-parser set size:undefined disposed:false
147 silly fetch manifest cookie-signature@^1.2.1
148 silly packumentCache full:https://registry.npmjs.org/cookie-signature cache-miss
149 http fetch GET 200 https://registry.npmjs.org/serve-static 36ms (cache miss)
150 silly packumentCache full:https://registry.npmjs.org/serve-static set size:undefined disposed:false
151 silly fetch manifest merge-descriptors@^2.0.0
152 silly packumentCache full:https://registry.npmjs.org/merge-descriptors cache-miss
153 http fetch GET 200 https://registry.npmjs.org/merge-descriptors 34ms (cache miss)
154 silly packumentCache full:https://registry.npmjs.org/merge-descriptors set size:undefined disposed:false
155 silly fetch manifest content-disposition@^1.0.0
156 silly packumentCache full:https://registry.npmjs.org/content-disposition cache-miss
157 http fetch GET 200 https://registry.npmjs.org/content-disposition 34ms (cache miss)
158 silly packumentCache full:https://registry.npmjs.org/content-disposition set size:undefined disposed:false
159 http fetch GET 200 https://registry.npmjs.org/escape-html 390ms (cache miss)
160 silly packumentCache full:https://registry.npmjs.org/escape-html set size:undefined disposed:false
161 http fetch GET 200 https://registry.npmjs.org/http-errors 375ms (cache miss)
162 silly packumentCache full:https://registry.npmjs.org/http-errors set size:undefined disposed:false
163 http fetch GET 200 https://registry.npmjs.org/on-finished 371ms (cache miss)
164 silly packumentCache full:https://registry.npmjs.org/on-finished set size:undefined disposed:false
165 http fetch GET 200 https://registry.npmjs.org/finalhandler 387ms (cache miss)
166 silly packumentCache full:https://registry.npmjs.org/finalhandler set size:undefined disposed:false
167 http fetch GET 200 https://registry.npmjs.org/cookie-signature 392ms (cache miss)
168 silly packumentCache full:https://registry.npmjs.org/cookie-signature set size:undefined disposed:false
169 silly placeDep ROOT @libsql/core@0.18.0 OK for: @libsql/client@0.18.0 want: ^0.18.0
170 silly placeDep ROOT @libsql/hrana-client@0.10.0 OK for: @libsql/client@0.18.0 want: ^0.10.0
171 silly placeDep ROOT js-base64@3.9.3 OK for: @libsql/client@0.18.0 want: ^3.7.5
172 silly placeDep ROOT libsql@0.5.29 OK for: @libsql/client@0.18.0 want: ^0.5.28
173 silly placeDep ROOT promise-limit@2.7.0 OK for: @libsql/client@0.18.0 want: ^2.7.0
174 silly fetch manifest @libsql/isomorphic-ws@^0.1.5
175 silly packumentCache full:https://registry.npmjs.org/@libsql%2fisomorphic-ws cache-miss
176 silly fetch manifest detect-libc@2.0.2
177 silly packumentCache full:https://registry.npmjs.org/detect-libc cache-miss
178 silly fetch manifest @neon-rs/load@^0.0.4
179 silly packumentCache full:https://registry.npmjs.org/@neon-rs%2fload cache-miss
180 silly fetch manifest @libsql/darwin-x64@0.5.29
181 silly packumentCache full:https://registry.npmjs.org/@libsql%2fdarwin-x64 cache-miss
182 silly fetch manifest @libsql/darwin-arm64@0.5.29
183 silly packumentCache full:https://registry.npmjs.org/@libsql%2fdarwin-arm64 cache-miss
184 silly fetch manifest @libsql/linux-x64-gnu@0.5.29
185 silly packumentCache full:https://registry.npmjs.org/@libsql%2flinux-x64-gnu cache-miss
186 http fetch GET 200 https://registry.npmjs.org/detect-libc 43ms (cache miss)
187 silly packumentCache full:https://registry.npmjs.org/detect-libc set size:undefined disposed:false
188 silly fetch manifest @libsql/linux-x64-musl@0.5.29
189 silly packumentCache full:https://registry.npmjs.org/@libsql%2flinux-x64-musl cache-miss
190 http fetch GET 200 https://registry.npmjs.org/@neon-rs%2fload 658ms (cache miss)
191 silly packumentCache full:https://registry.npmjs.org/@neon-rs%2fload set size:undefined disposed:false
192 silly fetch manifest @libsql/win32-x64-msvc@0.5.29
193 silly packumentCache full:https://registry.npmjs.org/@libsql%2fwin32-x64-msvc cache-miss
194 http fetch GET 200 https://registry.npmjs.org/@libsql%2fisomorphic-ws 967ms (cache miss)
195 silly packumentCache full:https://registry.npmjs.org/@libsql%2fisomorphic-ws set size:undefined disposed:false
196 silly fetch manifest @libsql/linux-arm64-gnu@0.5.29
197 silly packumentCache full:https://registry.npmjs.org/@libsql%2flinux-arm64-gnu cache-miss
198 http fetch GET 200 https://registry.npmjs.org/@libsql%2fdarwin-x64 980ms (cache miss)
199 silly packumentCache full:https://registry.npmjs.org/@libsql%2fdarwin-x64 set size:undefined disposed:false
200 silly fetch manifest @libsql/linux-arm64-musl@0.5.29
201 silly packumentCache full:https://registry.npmjs.org/@libsql%2flinux-arm64-musl cache-miss
202 http fetch GET 200 https://registry.npmjs.org/@libsql%2fdarwin-arm64 1001ms (cache miss)
203 silly packumentCache full:https://registry.npmjs.org/@libsql%2fdarwin-arm64 set size:undefined disposed:false
204 silly fetch manifest @libsql/linux-arm-gnueabihf@0.5.29
205 silly packumentCache full:https://registry.npmjs.org/@libsql%2flinux-arm-gnueabihf cache-miss
206 http fetch GET 200 https://registry.npmjs.org/@libsql%2flinux-x64-gnu 1015ms (cache miss)
207 silly packumentCache full:https://registry.npmjs.org/@libsql%2flinux-x64-gnu set size:undefined disposed:false
208 silly fetch manifest @libsql/linux-arm-musleabihf@0.5.29
209 silly packumentCache full:https://registry.npmjs.org/@libsql%2flinux-arm-musleabihf cache-miss
210 http fetch GET 200 https://registry.npmjs.org/@libsql%2flinux-x64-musl 989ms (cache miss)
211 silly packumentCache full:https://registry.npmjs.org/@libsql%2flinux-x64-musl set size:undefined disposed:false
212 http fetch GET 200 https://registry.npmjs.org/@libsql%2flinux-arm-musleabihf 300ms (cache miss)
213 silly packumentCache full:https://registry.npmjs.org/@libsql%2flinux-arm-musleabihf set size:undefined disposed:false
214 http fetch GET 200 https://registry.npmjs.org/@libsql%2fwin32-x64-msvc 963ms (cache miss)
215 silly packumentCache full:https://registry.npmjs.org/@libsql%2fwin32-x64-msvc set size:undefined disposed:false
216 http fetch GET 200 https://registry.npmjs.org/@libsql%2flinux-arm64-gnu 996ms (cache miss)
217 silly packumentCache full:https://registry.npmjs.org/@libsql%2flinux-arm64-gnu set size:undefined disposed:false
218 http fetch GET 200 https://registry.npmjs.org/@libsql%2flinux-arm-gnueabihf 974ms (cache miss)
219 silly packumentCache full:https://registry.npmjs.org/@libsql%2flinux-arm-gnueabihf set size:undefined disposed:false
220 http fetch GET 200 https://registry.npmjs.org/@libsql%2flinux-arm64-musl 1368ms (cache miss)
221 silly packumentCache full:https://registry.npmjs.org/@libsql%2flinux-arm64-musl set size:undefined disposed:false
222 silly placeDep ROOT @libsql/isomorphic-ws@0.1.5 OK for: @libsql/hrana-client@0.10.0 want: ^0.1.5
223 silly fetch manifest ws@^8.13.0
224 silly packumentCache full:https://registry.npmjs.org/ws cache-miss
225 silly fetch manifest @types/ws@^8.5.4
226 silly packumentCache full:https://registry.npmjs.org/@types%2fws cache-miss
227 http fetch GET 200 https://registry.npmjs.org/ws 69ms (cache miss)
228 silly packumentCache full:https://registry.npmjs.org/ws set size:undefined disposed:false
229 http fetch GET 200 https://registry.npmjs.org/@types%2fws 394ms (cache miss)
230 silly packumentCache full:https://registry.npmjs.org/@types%2fws set size:undefined disposed:false
231 silly fetch manifest bufferutil@^4.0.1
232 silly packumentCache full:https://registry.npmjs.org/bufferutil cache-miss
233 http fetch GET 200 https://registry.npmjs.org/bufferutil 32ms (cache miss)
234 silly packumentCache full:https://registry.npmjs.org/bufferutil set size:undefined disposed:false
235 silly fetch manifest utf-8-validate@>=5.0.2
236 silly packumentCache full:https://registry.npmjs.org/utf-8-validate cache-miss
237 http fetch GET 200 https://registry.npmjs.org/utf-8-validate 30ms (cache miss)
238 silly packumentCache full:https://registry.npmjs.org/utf-8-validate set size:undefined disposed:false
239 silly placeDep ROOT @types/ws@8.18.1 OK for: @libsql/isomorphic-ws@0.1.5 want: ^8.5.4
240 silly placeDep ROOT ws@8.21.3 OK for: @libsql/isomorphic-ws@0.1.5 want: ^8.13.0
241 silly fetch manifest @types/node@*
242 silly packumentCache full:https://registry.npmjs.org/@types%2fnode cache-miss
243 http fetch GET 200 https://registry.npmjs.org/@types%2fnode 1162ms (cache miss)
244 silly packumentCache full:https://registry.npmjs.org/@types%2fnode set size:undefined disposed:false
245 silly placeDep ROOT @types/node@26.5.1 OK for: @types/ws@8.18.1 want: *
246 silly fetch manifest undici-types@~8.9.0
247 silly packumentCache full:https://registry.npmjs.org/undici-types cache-miss
248 http fetch GET 200 https://registry.npmjs.org/undici-types 548ms (cache miss)
249 silly packumentCache full:https://registry.npmjs.org/undici-types set size:undefined disposed:false
250 silly placeDep ROOT undici-types@8.9.0 OK for: @types/node@26.5.1 want: ~8.9.0
251 silly placeDep ROOT object-assign@4.1.1 OK for: cors@2.8.6 want: ^4
252 silly placeDep ROOT vary@1.1.2 OK for: cors@2.8.6 want: ^1
253 silly placeDep ROOT accepts@2.0.0 OK for: express@5.2.1 want: ^2.0.0
254 silly placeDep ROOT body-parser@2.3.0 OK for: express@5.2.1 want: ^2.2.1
255 silly placeDep ROOT content-disposition@1.1.0 OK for: express@5.2.1 want: ^1.0.0
256 silly placeDep ROOT content-type@1.0.5 OK for: express@5.2.1 want: ^1.0.5
257 silly placeDep ROOT cookie@0.7.2 OK for: express@5.2.1 want: ^0.7.1
258 silly placeDep ROOT cookie-signature@1.2.2 OK for: express@5.2.1 want: ^1.2.1
259 silly placeDep ROOT debug@4.4.3 OK for: express@5.2.1 want: ^4.4.0
260 silly placeDep ROOT depd@2.0.0 OK for: express@5.2.1 want: ^2.0.0
261 silly placeDep ROOT encodeurl@2.0.0 OK for: express@5.2.1 want: ^2.0.0
262 silly placeDep ROOT escape-html@1.0.3 OK for: express@5.2.1 want: ^1.0.3
263 silly placeDep ROOT etag@1.8.1 OK for: express@5.2.1 want: ^1.8.1
264 silly placeDep ROOT finalhandler@2.1.1 OK for: express@5.2.1 want: ^2.1.0
265 silly placeDep ROOT fresh@2.0.0 OK for: express@5.2.1 want: ^2.0.0
266 silly placeDep ROOT http-errors@2.0.1 OK for: express@5.2.1 want: ^2.0.0
267 silly placeDep ROOT merge-descriptors@2.0.0 OK for: express@5.2.1 want: ^2.0.0
268 silly placeDep ROOT mime-types@3.0.2 OK for: express@5.2.1 want: ^3.0.0
269 silly placeDep ROOT on-finished@2.4.1 OK for: express@5.2.1 want: ^2.4.1
270 silly placeDep ROOT once@1.4.0 OK for: express@5.2.1 want: ^1.4.0
271 silly placeDep ROOT parseurl@1.3.3 OK for: express@5.2.1 want: ^1.3.3
272 silly placeDep ROOT proxy-addr@2.0.7 OK for: express@5.2.1 want: ^2.0.7
273 silly placeDep ROOT qs@6.16.0 OK for: express@5.2.1 want: ^6.14.0
274 silly placeDep ROOT range-parser@1.3.0 OK for: express@5.2.1 want: ^1.2.1
275 silly placeDep ROOT router@2.2.0 OK for: express@5.2.1 want: ^2.2.0
276 silly placeDep ROOT send@1.2.1 OK for: express@5.2.1 want: ^1.1.0
277 silly placeDep ROOT serve-static@2.2.1 OK for: express@5.2.1 want: ^2.2.0
278 silly placeDep ROOT statuses@2.0.2 OK for: express@5.2.1 want: ^2.0.1
279 silly placeDep ROOT type-is@2.1.0 OK for: express@5.2.1 want: ^2.0.1
280 silly fetch manifest negotiator@^1.0.0
281 silly packumentCache full:https://registry.npmjs.org/negotiator cache-miss
282 silly fetch manifest qs@^6.15.2
283 silly packumentCache full:https://registry.npmjs.org/qs cache-miss
284 silly fetch manifest bytes@^3.1.2
285 silly packumentCache full:https://registry.npmjs.org/bytes cache-miss
286 silly fetch manifest debug@^4.4.3
287 silly packumentCache full:https://registry.npmjs.org/debug cache-miss
288 silly fetch manifest type-is@^2.1.0
289 silly packumentCache full:https://registry.npmjs.org/type-is cache-miss
290 silly fetch manifest raw-body@^3.0.2
291 silly packumentCache full:https://registry.npmjs.org/raw-body cache-miss
292 http cache https://registry.npmjs.org/qs 47ms (cache hit)
293 silly packumentCache full:https://registry.npmjs.org/qs set size:365613 disposed:false
294 silly fetch manifest iconv-lite@^0.7.2
295 silly packumentCache full:https://registry.npmjs.org/iconv-lite cache-miss
296 http cache https://registry.npmjs.org/debug 66ms (cache hit)
297 silly packumentCache full:https://registry.npmjs.org/debug set size:195840 disposed:false
298 silly fetch manifest http-errors@^2.0.1
299 silly packumentCache full:https://registry.npmjs.org/http-errors cache-miss
300 http cache https://registry.npmjs.org/type-is 80ms (cache hit)
301 silly packumentCache full:https://registry.npmjs.org/type-is set size:88614 disposed:false
302 silly fetch manifest content-type@^2.0.0
303 silly packumentCache full:https://registry.npmjs.org/content-type cache-miss
304 http cache https://registry.npmjs.org/http-errors 20ms (cache hit)
305 silly packumentCache full:https://registry.npmjs.org/http-errors set size:71987 disposed:false
306 silly fetch manifest ms@^2.1.3
307 silly packumentCache full:https://registry.npmjs.org/ms cache-miss
308 http cache https://registry.npmjs.org/content-type 22ms (cache hit)
309 silly packumentCache full:https://registry.npmjs.org/content-type set size:26824 disposed:false
310 silly fetch manifest inherits@~2.0.4
311 silly packumentCache full:https://registry.npmjs.org/inherits cache-miss
312 http fetch GET 200 https://registry.npmjs.org/iconv-lite 74ms (cache miss)
313 silly packumentCache full:https://registry.npmjs.org/iconv-lite set size:undefined disposed:false
314 silly fetch manifest setprototypeof@~1.2.0
315 silly packumentCache full:https://registry.npmjs.org/setprototypeof cache-miss
316 http fetch GET 200 https://registry.npmjs.org/inherits 46ms (cache miss)
317 silly packumentCache full:https://registry.npmjs.org/inherits set size:undefined disposed:false
318 silly fetch manifest statuses@~2.0.2
319 silly packumentCache full:https://registry.npmjs.org/statuses cache-miss
320 http fetch GET 200 https://registry.npmjs.org/ms 61ms (cache miss)
321 silly packumentCache full:https://registry.npmjs.org/ms set size:undefined disposed:false
322 silly fetch manifest toidentifier@~1.0.1
323 silly packumentCache full:https://registry.npmjs.org/toidentifier cache-miss
324 http cache https://registry.npmjs.org/statuses 21ms (cache hit)
325 silly packumentCache full:https://registry.npmjs.org/statuses set size:37117 disposed:false
326 silly fetch manifest mime-db@^1.54.0
327 silly packumentCache full:https://registry.npmjs.org/mime-db cache-miss
328 http fetch GET 200 https://registry.npmjs.org/toidentifier 34ms (cache miss)
329 silly packumentCache full:https://registry.npmjs.org/toidentifier set size:undefined disposed:false
330 silly fetch manifest ee-first@1.1.1
331 silly packumentCache full:https://registry.npmjs.org/ee-first cache-miss
332 http fetch GET 200 https://registry.npmjs.org/mime-db 40ms (cache miss)
333 silly packumentCache full:https://registry.npmjs.org/mime-db set size:undefined disposed:false
334 silly fetch manifest wrappy@1
335 silly packumentCache full:https://registry.npmjs.org/wrappy cache-miss
336 http fetch GET 200 https://registry.npmjs.org/ee-first 41ms (cache miss)
337 silly packumentCache full:https://registry.npmjs.org/ee-first set size:undefined disposed:false
338 silly fetch manifest forwarded@0.2.0
339 silly packumentCache full:https://registry.npmjs.org/forwarded cache-miss
340 http fetch GET 200 https://registry.npmjs.org/wrappy 31ms (cache miss)
341 silly packumentCache full:https://registry.npmjs.org/wrappy set size:undefined disposed:false
342 silly fetch manifest ipaddr.js@1.9.1
343 silly packumentCache full:https://registry.npmjs.org/ipaddr.js cache-miss
344 http fetch GET 200 https://registry.npmjs.org/negotiator 398ms (cache miss)
345 silly packumentCache full:https://registry.npmjs.org/negotiator set size:undefined disposed:false
346 silly fetch manifest side-channel@^1.1.1
347 silly packumentCache full:https://registry.npmjs.org/side-channel cache-miss
348 http fetch GET 200 https://registry.npmjs.org/bytes 415ms (cache miss)
349 silly packumentCache full:https://registry.npmjs.org/bytes set size:undefined disposed:false
350 silly fetch manifest es-define-property@^1.0.1
351 silly packumentCache full:https://registry.npmjs.org/es-define-property cache-miss
352 http fetch GET 200 https://registry.npmjs.org/raw-body 428ms (cache miss)
353 silly packumentCache full:https://registry.npmjs.org/raw-body set size:undefined disposed:false
354 silly fetch manifest is-promise@^4.0.0
355 silly packumentCache full:https://registry.npmjs.org/is-promise cache-miss
356 http fetch GET 200 https://registry.npmjs.org/setprototypeof 383ms (cache miss)
357 silly packumentCache full:https://registry.npmjs.org/setprototypeof set size:undefined disposed:false
358 silly fetch manifest path-to-regexp@^8.0.0
359 silly packumentCache full:https://registry.npmjs.org/path-to-regexp cache-miss
360 http fetch GET 200 https://registry.npmjs.org/forwarded 383ms (cache miss)
361 silly packumentCache full:https://registry.npmjs.org/forwarded set size:undefined disposed:false
362 silly fetch manifest statuses@^2.0.2
363 silly packumentCache full:https://registry.npmjs.org/statuses cache-hit
364 silly fetch manifest media-typer@^1.1.0
365 silly packumentCache full:https://registry.npmjs.org/media-typer cache-miss
366 http fetch GET 200 https://registry.npmjs.org/ipaddr.js 387ms (cache miss)
367 silly packumentCache full:https://registry.npmjs.org/ipaddr.js set size:undefined disposed:false
368 http fetch GET 200 https://registry.npmjs.org/side-channel 382ms (cache miss)
369 silly packumentCache full:https://registry.npmjs.org/side-channel set size:undefined disposed:false
370 http fetch GET 200 https://registry.npmjs.org/es-define-property 391ms (cache miss)
371 silly packumentCache full:https://registry.npmjs.org/es-define-property set size:undefined disposed:false
372 http fetch GET 200 https://registry.npmjs.org/is-promise 377ms (cache miss)
373 silly packumentCache full:https://registry.npmjs.org/is-promise set size:undefined disposed:false
374 http fetch GET 200 https://registry.npmjs.org/path-to-regexp 396ms (cache miss)
375 silly packumentCache full:https://registry.npmjs.org/path-to-regexp set size:undefined disposed:false
376 http fetch GET 200 https://registry.npmjs.org/media-typer 380ms (cache miss)
377 silly packumentCache full:https://registry.npmjs.org/media-typer set size:undefined disposed:false
378 silly placeDep ROOT negotiator@1.1.0 OK for: accepts@2.0.0 want: ^1.0.0
379 silly fetch manifest content-type@^2.1.0
380 silly packumentCache full:https://registry.npmjs.org/content-type cache-hit
381 silly placeDep ROOT bytes@3.1.2 OK for: body-parser@2.3.0 want: ^3.1.2
382 silly placeDep node_modules/body-parser content-type@2.1.0 OK for: body-parser@2.3.0 want: ^2.0.0
383 silly placeDep ROOT iconv-lite@0.7.3 OK for: body-parser@2.3.0 want: ^0.7.2
384 silly placeDep ROOT raw-body@3.0.2 OK for: body-parser@2.3.0 want: ^3.0.2
385 silly fetch manifest safer-buffer@>= 2.1.2 < 3.0.0
386 silly packumentCache full:https://registry.npmjs.org/safer-buffer cache-miss
387 silly fetch manifest unpipe@~1.0.0
388 silly packumentCache full:https://registry.npmjs.org/unpipe cache-miss
389 http fetch GET 200 https://registry.npmjs.org/safer-buffer 542ms (cache miss)
390 silly packumentCache full:https://registry.npmjs.org/safer-buffer set size:undefined disposed:false
391 http fetch GET 200 https://registry.npmjs.org/unpipe 543ms (cache miss)
392 silly packumentCache full:https://registry.npmjs.org/unpipe set size:undefined disposed:false
393 silly placeDep ROOT ms@2.1.3 OK for: debug@4.4.3 want: ^2.1.3
394 silly placeDep ROOT inherits@2.0.4 OK for: http-errors@2.0.1 want: ~2.0.4
395 silly placeDep ROOT setprototypeof@1.2.0 OK for: http-errors@2.0.1 want: ~1.2.0
396 silly placeDep ROOT toidentifier@1.0.1 OK for: http-errors@2.0.1 want: ~1.0.1
397 silly placeDep ROOT safer-buffer@2.1.2 OK for: iconv-lite@0.7.3 want: >= 2.1.2 < 3.0.0
398 silly placeDep ROOT @libsql/darwin-arm64@0.5.29 OK for: libsql@0.5.29 want: 0.5.29
399 silly placeDep ROOT @libsql/darwin-x64@0.5.29 OK for: libsql@0.5.29 want: 0.5.29
400 silly placeDep ROOT @libsql/linux-arm-gnueabihf@0.5.29 OK for: libsql@0.5.29 want: 0.5.29
401 silly placeDep ROOT @libsql/linux-arm-musleabihf@0.5.29 OK for: libsql@0.5.29 want: 0.5.29
402 silly placeDep ROOT @libsql/linux-arm64-gnu@0.5.29 OK for: libsql@0.5.29 want: 0.5.29
403 silly placeDep ROOT @libsql/linux-arm64-musl@0.5.29 OK for: libsql@0.5.29 want: 0.5.29
404 silly placeDep ROOT @libsql/linux-x64-gnu@0.5.29 OK for: libsql@0.5.29 want: 0.5.29
405 silly placeDep ROOT @libsql/linux-x64-musl@0.5.29 OK for: libsql@0.5.29 want: 0.5.29
406 silly placeDep ROOT @libsql/win32-x64-msvc@0.5.29 OK for: libsql@0.5.29 want: 0.5.29
407 silly placeDep ROOT @neon-rs/load@0.0.4 OK for: libsql@0.5.29 want: ^0.0.4
408 silly placeDep ROOT detect-libc@2.0.2 OK for: libsql@0.5.29 want: 2.0.2
409 silly placeDep ROOT mime-db@1.54.0 OK for: mime-types@3.0.2 want: ^1.54.0
410 silly placeDep node_modules/negotiator content-type@2.1.0 OK for: negotiator@1.1.0 want: ^2.1.0
411 silly placeDep ROOT ee-first@1.1.1 OK for: on-finished@2.4.1 want: 1.1.1
412 silly placeDep ROOT wrappy@1.0.2 OK for: once@1.4.0 want: 1
413 silly placeDep ROOT forwarded@0.2.0 OK for: proxy-addr@2.0.7 want: 0.2.0
414 silly placeDep ROOT ipaddr.js@1.9.1 OK for: proxy-addr@2.0.7 want: 1.9.1
415 silly placeDep ROOT es-define-property@1.0.1 OK for: qs@6.16.0 want: ^1.0.1
416 silly placeDep ROOT side-channel@1.1.1 OK for: qs@6.16.0 want: ^1.1.1
417 silly fetch manifest es-errors@^1.3.0
418 silly packumentCache full:https://registry.npmjs.org/es-errors cache-miss
419 silly fetch manifest object-inspect@^1.13.4
420 silly packumentCache full:https://registry.npmjs.org/object-inspect cache-miss
421 silly fetch manifest side-channel-list@^1.0.1
422 silly packumentCache full:https://registry.npmjs.org/side-channel-list cache-miss
423 silly fetch manifest side-channel-map@^1.0.1
424 silly packumentCache full:https://registry.npmjs.org/side-channel-map cache-miss
425 silly fetch manifest side-channel-weakmap@^1.0.2
426 silly packumentCache full:https://registry.npmjs.org/side-channel-weakmap cache-miss
427 http fetch GET 200 https://registry.npmjs.org/es-errors 51ms (cache miss)
428 silly packumentCache full:https://registry.npmjs.org/es-errors set size:undefined disposed:false
429 http fetch GET 200 https://registry.npmjs.org/object-inspect 57ms (cache miss)
430 silly packumentCache full:https://registry.npmjs.org/object-inspect set size:undefined disposed:false
431 http fetch GET 200 https://registry.npmjs.org/side-channel-list 423ms (cache miss)
432 silly packumentCache full:https://registry.npmjs.org/side-channel-list set size:undefined disposed:false
433 http fetch GET 200 https://registry.npmjs.org/side-channel-map 424ms (cache miss)
434 silly packumentCache full:https://registry.npmjs.org/side-channel-map set size:undefined disposed:false
435 http fetch GET 200 https://registry.npmjs.org/side-channel-weakmap 426ms (cache miss)
436 silly packumentCache full:https://registry.npmjs.org/side-channel-weakmap set size:undefined disposed:false
437 silly placeDep ROOT unpipe@1.0.0 OK for: raw-body@3.0.2 want: ~1.0.0
438 silly placeDep ROOT is-promise@4.0.0 OK for: router@2.2.0 want: ^4.0.0
439 silly placeDep ROOT path-to-regexp@8.4.2 OK for: router@2.2.0 want: ^8.0.0
440 silly placeDep ROOT es-errors@1.3.0 OK for: side-channel@1.1.1 want: ^1.3.0
441 silly placeDep ROOT object-inspect@1.13.4 OK for: side-channel@1.1.1 want: ^1.13.4
442 silly placeDep ROOT side-channel-list@1.0.1 OK for: side-channel@1.1.1 want: ^1.0.1
443 silly placeDep ROOT side-channel-map@1.0.1 OK for: side-channel@1.1.1 want: ^1.0.1
444 silly placeDep ROOT side-channel-weakmap@1.0.2 OK for: side-channel@1.1.1 want: ^1.0.2
445 silly fetch manifest call-bound@^1.0.2
446 silly packumentCache full:https://registry.npmjs.org/call-bound cache-miss
447 silly fetch manifest get-intrinsic@^1.2.5
448 silly packumentCache full:https://registry.npmjs.org/get-intrinsic cache-miss
449 silly fetch manifest call-bound@^1.0.2
450 silly packumentCache full:https://registry.npmjs.org/call-bound cache-miss
451 silly fetch manifest get-intrinsic@^1.2.5
452 silly packumentCache full:https://registry.npmjs.org/get-intrinsic cache-miss
453 http fetch GET 200 https://registry.npmjs.org/get-intrinsic 49ms (cache miss)
454 silly packumentCache full:https://registry.npmjs.org/get-intrinsic set size:undefined disposed:false
455 http fetch GET 200 https://registry.npmjs.org/get-intrinsic 57ms (cache miss)
456 silly packumentCache full:https://registry.npmjs.org/get-intrinsic set size:undefined disposed:false
457 http fetch GET 200 https://registry.npmjs.org/call-bound 563ms (cache miss)
458 silly packumentCache full:https://registry.npmjs.org/call-bound set size:undefined disposed:false
459 http fetch GET 200 https://registry.npmjs.org/call-bound 565ms (cache miss)
460 silly packumentCache full:https://registry.npmjs.org/call-bound set size:undefined disposed:false
461 silly placeDep ROOT call-bound@1.0.4 OK for: side-channel-map@1.0.1 want: ^1.0.2
462 silly placeDep ROOT get-intrinsic@1.3.0 OK for: side-channel-map@1.0.1 want: ^1.2.5
463 silly fetch manifest call-bind-apply-helpers@^1.0.2
464 silly packumentCache full:https://registry.npmjs.org/call-bind-apply-helpers cache-miss
465 silly fetch manifest get-intrinsic@^1.3.0
466 silly packumentCache full:https://registry.npmjs.org/get-intrinsic cache-miss
467 silly fetch manifest gopd@^1.2.0
468 silly packumentCache full:https://registry.npmjs.org/gopd cache-miss
469 silly fetch manifest hasown@^2.0.2
470 silly packumentCache full:https://registry.npmjs.org/hasown cache-miss
471 silly fetch manifest get-proto@^1.0.1
472 silly packumentCache full:https://registry.npmjs.org/get-proto cache-miss
473 silly fetch manifest has-symbols@^1.1.0
474 silly packumentCache full:https://registry.npmjs.org/has-symbols cache-miss
475 http cache https://registry.npmjs.org/get-intrinsic 36ms (cache hit)
476 silly packumentCache full:https://registry.npmjs.org/get-intrinsic set size:60985 disposed:false
477 silly fetch manifest function-bind@^1.1.2
478 silly packumentCache full:https://registry.npmjs.org/function-bind cache-miss
479 http fetch GET 200 https://registry.npmjs.org/call-bind-apply-helpers 63ms (cache miss)
480 silly packumentCache full:https://registry.npmjs.org/call-bind-apply-helpers set size:undefined disposed:false
481 silly fetch manifest es-object-atoms@^1.1.1
482 silly packumentCache full:https://registry.npmjs.org/es-object-atoms cache-miss
483 http fetch GET 200 https://registry.npmjs.org/gopd 78ms (cache miss)
484 silly packumentCache full:https://registry.npmjs.org/gopd set size:undefined disposed:false
485 silly fetch manifest math-intrinsics@^1.1.0
486 silly packumentCache full:https://registry.npmjs.org/math-intrinsics cache-miss
487 http fetch GET 200 https://registry.npmjs.org/get-proto 92ms (cache miss)
488 silly packumentCache full:https://registry.npmjs.org/get-proto set size:undefined disposed:false
489 http fetch GET 200 https://registry.npmjs.org/hasown 97ms (cache miss)
490 silly packumentCache full:https://registry.npmjs.org/hasown set size:undefined disposed:false
491 http fetch GET 200 https://registry.npmjs.org/has-symbols 99ms (cache miss)
492 silly packumentCache full:https://registry.npmjs.org/has-symbols set size:undefined disposed:false
493 http fetch GET 200 https://registry.npmjs.org/function-bind 73ms (cache miss)
494 silly packumentCache full:https://registry.npmjs.org/function-bind set size:undefined disposed:false
495 http fetch GET 200 https://registry.npmjs.org/math-intrinsics 60ms (cache miss)
496 silly packumentCache full:https://registry.npmjs.org/math-intrinsics set size:undefined disposed:false
497 http fetch GET 200 https://registry.npmjs.org/es-object-atoms 408ms (cache miss)
498 silly packumentCache full:https://registry.npmjs.org/es-object-atoms set size:undefined disposed:false
499 silly placeDep ROOT call-bind-apply-helpers@1.0.2 OK for: call-bound@1.0.4 want: ^1.0.2
500 silly placeDep ROOT function-bind@1.1.2 OK for: call-bind-apply-helpers@1.0.2 want: ^1.1.2
501 silly placeDep ROOT es-object-atoms@1.1.2 OK for: get-intrinsic@1.3.0 want: ^1.1.1
502 silly placeDep ROOT get-proto@1.0.1 OK for: get-intrinsic@1.3.0 want: ^1.0.1
503 silly placeDep ROOT gopd@1.2.0 OK for: get-intrinsic@1.3.0 want: ^1.2.0
504 silly placeDep ROOT has-symbols@1.1.0 OK for: get-intrinsic@1.3.0 want: ^1.1.0
505 silly placeDep ROOT hasown@2.0.4 OK for: get-intrinsic@1.3.0 want: ^2.0.2
506 silly placeDep ROOT math-intrinsics@1.1.0 OK for: get-intrinsic@1.3.0 want: ^1.1.0
507 silly fetch manifest dunder-proto@^1.0.1
508 silly packumentCache full:https://registry.npmjs.org/dunder-proto cache-miss
509 http fetch GET 200 https://registry.npmjs.org/dunder-proto 576ms (cache miss)
510 silly packumentCache full:https://registry.npmjs.org/dunder-proto set size:undefined disposed:false
511 silly placeDep ROOT dunder-proto@1.0.1 OK for: get-proto@1.0.1 want: ^1.0.1
512 silly placeDep node_modules/type-is content-type@2.1.0 OK for: type-is@2.1.0 want: ^2.0.0
513 silly placeDep ROOT media-typer@1.1.1 OK for: type-is@2.1.0 want: ^1.1.0
514 verbose stack Error: Unsupported platform
514 verbose stack     at checkPlatform (/data/data/com.termux/files/usr/lib/node_modules/npm/node_modules/npm-install-checks/lib/index.js:42:25)
514 verbose stack     at #checkEngineAndPlatform (/data/data/com.termux/files/usr/lib/node_modules/npm/node_modules/@npmcli/arborist/lib/arborist/build-ideal-tree.js:213:9)
514 verbose stack     at Arborist.buildIdealTree (/data/data/com.termux/files/usr/lib/node_modules/npm/node_modules/@npmcli/arborist/lib/arborist/build-ideal-tree.js:183:41)
514 verbose stack     at async Promise.all (index 1)
514 verbose stack     at async Arborist.reify (/data/data/com.termux/files/usr/lib/node_modules/npm/node_modules/@npmcli/arborist/lib/arborist/reify.js:118:5)
514 verbose stack     at async Install.exec (/data/data/com.termux/files/usr/lib/node_modules/npm/lib/commands/install.js:158:5)
514 verbose stack     at async Npm.exec (/data/data/com.termux/files/usr/lib/node_modules/npm/lib/npm.js:193:9)
514 verbose stack     at async module.exports (/data/data/com.termux/files/usr/lib/node_modules/npm/lib/cli/entry.js:67:5)
515 verbose pkgid libsql@0.5.29
516 error code EBADPLATFORM
517 error notsup Unsupported platform for libsql@0.5.29: wanted {"os":"darwin,linux,win32","cpu":"x64,arm64,wasm32,arm"} (current: {"os":"android","cpu":"arm64"})
518 error notsup Valid os:   darwin,linux,win32
518 error notsup Actual os:  android
518 error notsup Valid cpu:  x64,arm64,wasm32,arm
518 error notsup Actual cpu: arm64
519 silly unfinished npm timer reify 1789427372994
520 silly unfinished npm timer reify:loadTrees 1789427372998
521 verbose cwd /data/data/com.termux/files/home/my-turso-app
522 verbose os Linux 4.19.113-27223811
523 verbose node v26.4.0
524 verbose npm  v11.19.1
525 verbose exit 1
526 verbose code 1
527 error A complete log of this run can be found in: /data/data/com.termux/files/home/.npm/_logs/2026-09-14T23_09_31_662Z-debug-0.log
