0 verbose cli /data/data/com.termux/files/usr/bin/node /data/data/com.termux/files/usr/bin/npm
1 info using npm@11.19.1
2 info using node@v26.4.0
3 silly config load:file:/data/data/com.termux/files/usr/lib/node_modules/npm/npmrc
4 silly config load:file:/data/data/com.termux/files/home/my-turso-app/.npmrc
5 silly config load:file:/data/data/com.termux/files/home/.npmrc
6 silly config load:file:/data/data/com.termux/files/usr/etc/npmrc
7 verbose title npm install express cors @libsql/client
8 verbose argv "install" "express" "cors" "@libsql/client"
9 verbose logfile logs-max:10 dir:/data/data/com.termux/files/home/.npm/_logs/2026-09-14T23_15_00_147Z-
10 verbose logfile /data/data/com.termux/files/home/.npm/_logs/2026-09-14T23_15_00_147Z-debug-0.log
11 silly logfile done cleaning log files
12 silly packumentCache heap:1174405120 maxSize:293601280 maxEntrySize:146800640
13 silly idealTree buildDeps
14 silly fetch manifest @libsql/client@^0.18.0
15 silly packumentCache full:https://registry.npmjs.org/@libsql%2fclient cache-miss
16 http fetch GET 200 https://registry.npmjs.org/@libsql%2fclient 1789ms (cache revalidated)
17 silly packumentCache full:https://registry.npmjs.org/@libsql%2fclient set size:396230 disposed:false
18 silly fetch manifest cors@^2.8.6
19 silly packumentCache full:https://registry.npmjs.org/cors cache-miss
20 http fetch GET 200 https://registry.npmjs.org/cors 43ms (cache revalidated)
21 silly packumentCache full:https://registry.npmjs.org/cors set size:77956 disposed:false
22 silly fetch manifest express@^5.2.1
23 silly packumentCache full:https://registry.npmjs.org/express cache-miss
24 http fetch GET 200 https://registry.npmjs.org/express 36ms (cache revalidated)
25 silly packumentCache full:https://registry.npmjs.org/express set size:808956 disposed:false
26 silly placeDep ROOT @libsql/client@0.18.0 REPLACE for: my-turso-app@1.0.0 want: ^0.18.0
27 silly placeDep ROOT cors@2.8.6 REPLACE for: my-turso-app@1.0.0 want: ^2.8.6
28 silly placeDep ROOT express@5.2.1 REPLACE for: my-turso-app@1.0.0 want: ^5.2.1
29 silly reify moves {}
30 silly audit bulk request {
30 silly audit   '@libsql/core': [ '0.18.0' ],
30 silly audit   '@libsql/darwin-arm64': [ '0.5.29' ],
30 silly audit   '@libsql/darwin-x64': [ '0.5.29' ],
30 silly audit   '@libsql/hrana-client': [ '0.10.0' ],
30 silly audit   '@libsql/isomorphic-ws': [ '0.1.5' ],
30 silly audit   '@libsql/linux-arm-gnueabihf': [ '0.5.29' ],
30 silly audit   '@libsql/linux-arm-musleabihf': [ '0.5.29' ],
30 silly audit   '@libsql/linux-arm64-gnu': [ '0.5.29' ],
30 silly audit   '@libsql/linux-arm64-musl': [ '0.5.29' ],
30 silly audit   '@libsql/linux-x64-gnu': [ '0.5.29' ],
30 silly audit   '@libsql/linux-x64-musl': [ '0.5.29' ],
30 silly audit   '@libsql/win32-x64-msvc': [ '0.5.29' ],
30 silly audit   '@neon-rs/load': [ '0.0.4' ],
30 silly audit   '@types/node': [ '26.5.1' ],
30 silly audit   '@types/ws': [ '8.18.1' ],
30 silly audit   accepts: [ '2.0.0' ],
30 silly audit   'body-parser': [ '2.3.0' ],
30 silly audit   'content-type': [ '2.1.0', '1.0.5' ],
30 silly audit   bytes: [ '3.1.2' ],
30 silly audit   'call-bind-apply-helpers': [ '1.0.2' ],
30 silly audit   'call-bound': [ '1.0.4' ],
30 silly audit   'content-disposition': [ '1.1.0' ],
30 silly audit   cookie: [ '0.7.2' ],
30 silly audit   'cookie-signature': [ '1.2.2' ],
30 silly audit   debug: [ '4.4.3' ],
30 silly audit   depd: [ '2.0.0' ],
30 silly audit   'detect-libc': [ '2.0.2' ],
30 silly audit   'dunder-proto': [ '1.0.1' ],
30 silly audit   'ee-first': [ '1.1.1' ],
30 silly audit   encodeurl: [ '2.0.0' ],
30 silly audit   'es-define-property': [ '1.0.1' ],
30 silly audit   'es-errors': [ '1.3.0' ],
30 silly audit   'es-object-atoms': [ '1.1.2' ],
30 silly audit   'escape-html': [ '1.0.3' ],
30 silly audit   etag: [ '1.8.1' ],
30 silly audit   finalhandler: [ '2.1.1' ],
30 silly audit   forwarded: [ '0.2.0' ],
30 silly audit   fresh: [ '2.0.0' ],
30 silly audit   'function-bind': [ '1.1.2' ],
30 silly audit   'get-intrinsic': [ '1.3.0' ],
30 silly audit   'get-proto': [ '1.0.1' ],
30 silly audit   gopd: [ '1.2.0' ],
30 silly audit   'has-symbols': [ '1.1.0' ],
30 silly audit   hasown: [ '2.0.4' ],
30 silly audit   'http-errors': [ '2.0.1' ],
30 silly audit   'iconv-lite': [ '0.7.3' ],
30 silly audit   inherits: [ '2.0.4' ],
30 silly audit   'ipaddr.js': [ '1.9.1' ],
30 silly audit   'is-promise': [ '4.0.0' ],
30 silly audit   'js-base64': [ '3.9.3' ],
30 silly audit   libsql: [ '0.5.29' ],
30 silly audit   'math-intrinsics': [ '1.1.0' ],
30 silly audit   'media-typer': [ '1.1.1' ],
30 silly audit   'merge-descriptors': [ '2.0.0' ],
30 silly audit   'mime-db': [ '1.54.0' ],
30 silly audit   'mime-types': [ '3.0.2' ],
30 silly audit   ms: [ '2.1.3' ],
30 silly audit   negotiator: [ '1.1.0' ],
30 silly audit   'object-assign': [ '4.1.1' ],
30 silly audit   'object-inspect': [ '1.13.4' ],
30 silly audit   'on-finished': [ '2.4.1' ],
30 silly audit   once: [ '1.4.0' ],
30 silly audit   parseurl: [ '1.3.3' ],
30 silly audit   'path-to-regexp': [ '8.4.2' ],
30 silly audit   'promise-limit': [ '2.7.0' ],
30 silly audit   'proxy-addr': [ '2.0.7' ],
30 silly audit   qs: [ '6.16.0' ],
30 silly audit   'range-parser': [ '1.3.0' ],
30 silly audit   'raw-body': [ '3.0.2' ],
30 silly audit   router: [ '2.2.0' ],
30 silly audit   'safer-buffer': [ '2.1.2' ],
30 silly audit   send: [ '1.2.1' ],
30 silly audit   'serve-static': [ '2.2.1' ],
30 silly audit   setprototypeof: [ '1.2.0' ],
30 silly audit   'side-channel': [ '1.1.1' ],
30 silly audit   'side-channel-list': [ '1.0.1' ],
30 silly audit   'side-channel-map': [ '1.0.1' ],
30 silly audit   'side-channel-weakmap': [ '1.0.2' ],
30 silly audit   statuses: [ '2.0.2' ],
30 silly audit   toidentifier: [ '1.0.1' ],
30 silly audit   'type-is': [ '2.1.0' ],
30 silly audit   'undici-types': [ '8.9.0' ],
30 silly audit   unpipe: [ '1.0.0' ],
30 silly audit   vary: [ '1.1.2' ],
30 silly audit   wrappy: [ '1.0.2' ],
30 silly audit   ws: [ '8.21.3' ],
30 silly audit   '@libsql/client': [ '0.18.0' ],
30 silly audit   cors: [ '2.8.6' ],
30 silly audit   express: [ '5.2.1' ]
30 silly audit }
31 http cache express@https://registry.npmjs.org/express/-/express-5.2.1.tgz 0ms (cache hit)
32 http cache cors@https://registry.npmjs.org/cors/-/cors-2.8.6.tgz 0ms (cache hit)
33 http cache wrappy@https://registry.npmjs.org/wrappy/-/wrappy-1.0.2.tgz 0ms (cache hit)
34 http cache vary@https://registry.npmjs.org/vary/-/vary-1.1.2.tgz 0ms (cache hit)
35 http cache toidentifier@https://registry.npmjs.org/toidentifier/-/toidentifier-1.0.1.tgz 0ms (cache hit)
36 http cache statuses@https://registry.npmjs.org/statuses/-/statuses-2.0.2.tgz 0ms (cache hit)
37 http cache unpipe@https://registry.npmjs.org/unpipe/-/unpipe-1.0.0.tgz 1ms (cache hit)
38 http cache side-channel-weakmap@https://registry.npmjs.org/side-channel-weakmap/-/side-channel-weakmap-1.0.2.tgz 1ms (cache hit)
39 http cache side-channel-map@https://registry.npmjs.org/side-channel-map/-/side-channel-map-1.0.1.tgz 0ms (cache hit)
40 http cache side-channel-list@https://registry.npmjs.org/side-channel-list/-/side-channel-list-1.0.1.tgz 0ms (cache hit)
41 http cache side-channel@https://registry.npmjs.org/side-channel/-/side-channel-1.1.1.tgz 0ms (cache hit)
42 http cache setprototypeof@https://registry.npmjs.org/setprototypeof/-/setprototypeof-1.2.0.tgz 0ms (cache hit)
43 http cache serve-static@https://registry.npmjs.org/serve-static/-/serve-static-2.2.1.tgz 0ms (cache hit)
44 http cache send@https://registry.npmjs.org/send/-/send-1.2.1.tgz 0ms (cache hit)
45 http cache safer-buffer@https://registry.npmjs.org/safer-buffer/-/safer-buffer-2.1.2.tgz 0ms (cache hit)
46 http cache router@https://registry.npmjs.org/router/-/router-2.2.0.tgz 0ms (cache hit)
47 http cache range-parser@https://registry.npmjs.org/range-parser/-/range-parser-1.3.0.tgz 0ms (cache hit)
48 http cache raw-body@https://registry.npmjs.org/raw-body/-/raw-body-3.0.2.tgz 0ms (cache hit)
49 http cache qs@https://registry.npmjs.org/qs/-/qs-6.16.0.tgz 0ms (cache hit)
50 http cache proxy-addr@https://registry.npmjs.org/proxy-addr/-/proxy-addr-2.0.7.tgz 0ms (cache hit)
51 http cache path-to-regexp@https://registry.npmjs.org/path-to-regexp/-/path-to-regexp-8.4.2.tgz 0ms (cache hit)
52 http cache once@https://registry.npmjs.org/once/-/once-1.4.0.tgz 0ms (cache hit)
53 http cache parseurl@https://registry.npmjs.org/parseurl/-/parseurl-1.3.3.tgz 0ms (cache hit)
54 http cache on-finished@https://registry.npmjs.org/on-finished/-/on-finished-2.4.1.tgz 0ms (cache hit)
55 http cache object-inspect@https://registry.npmjs.org/object-inspect/-/object-inspect-1.13.4.tgz 0ms (cache hit)
56 http cache object-assign@https://registry.npmjs.org/object-assign/-/object-assign-4.1.1.tgz 0ms (cache hit)
57 http cache negotiator@https://registry.npmjs.org/negotiator/-/negotiator-1.1.0.tgz 0ms (cache hit)
58 http cache ms@https://registry.npmjs.org/ms/-/ms-2.1.3.tgz 0ms (cache hit)
59 http cache mime-types@https://registry.npmjs.org/mime-types/-/mime-types-3.0.2.tgz 0ms (cache hit)
60 http cache mime-db@https://registry.npmjs.org/mime-db/-/mime-db-1.54.0.tgz 0ms (cache hit)
61 http cache merge-descriptors@https://registry.npmjs.org/merge-descriptors/-/merge-descriptors-2.0.0.tgz 0ms (cache hit)
62 http cache media-typer@https://registry.npmjs.org/media-typer/-/media-typer-1.1.1.tgz 0ms (cache hit)
63 http cache math-intrinsics@https://registry.npmjs.org/math-intrinsics/-/math-intrinsics-1.1.0.tgz 1ms (cache hit)
64 http cache is-promise@https://registry.npmjs.org/is-promise/-/is-promise-4.0.0.tgz 0ms (cache hit)
65 http cache ipaddr.js@https://registry.npmjs.org/ipaddr.js/-/ipaddr.js-1.9.1.tgz 0ms (cache hit)
66 http cache inherits@https://registry.npmjs.org/inherits/-/inherits-2.0.4.tgz 0ms (cache hit)
67 http cache iconv-lite@https://registry.npmjs.org/iconv-lite/-/iconv-lite-0.7.3.tgz 0ms (cache hit)
68 http cache http-errors@https://registry.npmjs.org/http-errors/-/http-errors-2.0.1.tgz 0ms (cache hit)
69 http cache hasown@https://registry.npmjs.org/hasown/-/hasown-2.0.4.tgz 0ms (cache hit)
70 http cache has-symbols@https://registry.npmjs.org/has-symbols/-/has-symbols-1.1.0.tgz 0ms (cache hit)
71 http cache gopd@https://registry.npmjs.org/gopd/-/gopd-1.2.0.tgz 0ms (cache hit)
72 http cache get-proto@https://registry.npmjs.org/get-proto/-/get-proto-1.0.1.tgz 0ms (cache hit)
73 http cache get-intrinsic@https://registry.npmjs.org/get-intrinsic/-/get-intrinsic-1.3.0.tgz 0ms (cache hit)
74 http cache function-bind@https://registry.npmjs.org/function-bind/-/function-bind-1.1.2.tgz 0ms (cache hit)
75 http cache fresh@https://registry.npmjs.org/fresh/-/fresh-2.0.0.tgz 0ms (cache hit)
76 http cache forwarded@https://registry.npmjs.org/forwarded/-/forwarded-0.2.0.tgz 0ms (cache hit)
77 http cache finalhandler@https://registry.npmjs.org/finalhandler/-/finalhandler-2.1.1.tgz 0ms (cache hit)
78 http cache etag@https://registry.npmjs.org/etag/-/etag-1.8.1.tgz 0ms (cache hit)
79 http cache escape-html@https://registry.npmjs.org/escape-html/-/escape-html-1.0.3.tgz 0ms (cache hit)
80 http cache es-object-atoms@https://registry.npmjs.org/es-object-atoms/-/es-object-atoms-1.1.2.tgz 0ms (cache hit)
81 http cache es-errors@https://registry.npmjs.org/es-errors/-/es-errors-1.3.0.tgz 0ms (cache hit)
82 http cache es-define-property@https://registry.npmjs.org/es-define-property/-/es-define-property-1.0.1.tgz 0ms (cache hit)
83 http cache encodeurl@https://registry.npmjs.org/encodeurl/-/encodeurl-2.0.0.tgz 0ms (cache hit)
84 http cache ee-first@https://registry.npmjs.org/ee-first/-/ee-first-1.1.1.tgz 0ms (cache hit)
85 http cache dunder-proto@https://registry.npmjs.org/dunder-proto/-/dunder-proto-1.0.1.tgz 0ms (cache hit)
86 http cache debug@https://registry.npmjs.org/debug/-/debug-4.4.3.tgz 0ms (cache hit)
87 http cache depd@https://registry.npmjs.org/depd/-/depd-2.0.0.tgz 1ms (cache hit)
88 http cache cookie-signature@https://registry.npmjs.org/cookie-signature/-/cookie-signature-1.2.2.tgz 0ms (cache hit)
89 http cache cookie@https://registry.npmjs.org/cookie/-/cookie-0.7.2.tgz 0ms (cache hit)
90 http cache content-type@https://registry.npmjs.org/content-type/-/content-type-1.0.5.tgz 0ms (cache hit)
91 http cache content-disposition@https://registry.npmjs.org/content-disposition/-/content-disposition-1.1.0.tgz 0ms (cache hit)
92 http cache call-bound@https://registry.npmjs.org/call-bound/-/call-bound-1.0.4.tgz 0ms (cache hit)
93 http cache call-bind-apply-helpers@https://registry.npmjs.org/call-bind-apply-helpers/-/call-bind-apply-helpers-1.0.2.tgz 0ms (cache hit)
94 http cache bytes@https://registry.npmjs.org/bytes/-/bytes-3.1.2.tgz 0ms (cache hit)
95 http cache body-parser@https://registry.npmjs.org/body-parser/-/body-parser-2.3.0.tgz 0ms (cache hit)
96 http cache accepts@https://registry.npmjs.org/accepts/-/accepts-2.0.0.tgz 0ms (cache hit)
97 http cache content-type@https://registry.npmjs.org/content-type/-/content-type-2.1.0.tgz 0ms (cache hit)
98 http cache content-type@https://registry.npmjs.org/content-type/-/content-type-2.1.0.tgz 0ms (cache hit)
99 http cache content-type@https://registry.npmjs.org/content-type/-/content-type-2.1.0.tgz 0ms (cache hit)
100 http cache type-is@https://registry.npmjs.org/type-is/-/type-is-2.1.0.tgz 0ms (cache hit)
101 silly tarball no local data for express@https://registry.npmjs.org/express/-/express-5.2.1.tgz. Extracting by manifest.
102 silly tarball no local data for cors@https://registry.npmjs.org/cors/-/cors-2.8.6.tgz. Extracting by manifest.
103 silly tarball no local data for wrappy@https://registry.npmjs.org/wrappy/-/wrappy-1.0.2.tgz. Extracting by manifest.
104 silly tarball no local data for vary@https://registry.npmjs.org/vary/-/vary-1.1.2.tgz. Extracting by manifest.
105 silly tarball no local data for toidentifier@https://registry.npmjs.org/toidentifier/-/toidentifier-1.0.1.tgz. Extracting by manifest.
106 silly tarball no local data for statuses@https://registry.npmjs.org/statuses/-/statuses-2.0.2.tgz. Extracting by manifest.
107 silly tarball no local data for unpipe@https://registry.npmjs.org/unpipe/-/unpipe-1.0.0.tgz. Extracting by manifest.
108 silly tarball no local data for side-channel-weakmap@https://registry.npmjs.org/side-channel-weakmap/-/side-channel-weakmap-1.0.2.tgz. Extracting by manifest.
109 silly tarball no local data for side-channel-map@https://registry.npmjs.org/side-channel-map/-/side-channel-map-1.0.1.tgz. Extracting by manifest.
110 silly tarball no local data for side-channel-list@https://registry.npmjs.org/side-channel-list/-/side-channel-list-1.0.1.tgz. Extracting by manifest.
111 silly tarball no local data for side-channel@https://registry.npmjs.org/side-channel/-/side-channel-1.1.1.tgz. Extracting by manifest.
112 silly tarball no local data for setprototypeof@https://registry.npmjs.org/setprototypeof/-/setprototypeof-1.2.0.tgz. Extracting by manifest.
113 silly tarball no local data for serve-static@https://registry.npmjs.org/serve-static/-/serve-static-2.2.1.tgz. Extracting by manifest.
114 silly tarball no local data for send@https://registry.npmjs.org/send/-/send-1.2.1.tgz. Extracting by manifest.
115 silly tarball no local data for safer-buffer@https://registry.npmjs.org/safer-buffer/-/safer-buffer-2.1.2.tgz. Extracting by manifest.
116 silly tarball no local data for router@https://registry.npmjs.org/router/-/router-2.2.0.tgz. Extracting by manifest.
117 silly tarball no local data for range-parser@https://registry.npmjs.org/range-parser/-/range-parser-1.3.0.tgz. Extracting by manifest.
118 silly tarball no local data for raw-body@https://registry.npmjs.org/raw-body/-/raw-body-3.0.2.tgz. Extracting by manifest.
119 silly tarball no local data for qs@https://registry.npmjs.org/qs/-/qs-6.16.0.tgz. Extracting by manifest.
120 silly tarball no local data for proxy-addr@https://registry.npmjs.org/proxy-addr/-/proxy-addr-2.0.7.tgz. Extracting by manifest.
121 silly tarball no local data for path-to-regexp@https://registry.npmjs.org/path-to-regexp/-/path-to-regexp-8.4.2.tgz. Extracting by manifest.
122 silly tarball no local data for once@https://registry.npmjs.org/once/-/once-1.4.0.tgz. Extracting by manifest.
123 silly tarball no local data for parseurl@https://registry.npmjs.org/parseurl/-/parseurl-1.3.3.tgz. Extracting by manifest.
124 silly tarball no local data for on-finished@https://registry.npmjs.org/on-finished/-/on-finished-2.4.1.tgz. Extracting by manifest.
125 silly tarball no local data for object-inspect@https://registry.npmjs.org/object-inspect/-/object-inspect-1.13.4.tgz. Extracting by manifest.
126 silly tarball no local data for object-assign@https://registry.npmjs.org/object-assign/-/object-assign-4.1.1.tgz. Extracting by manifest.
127 silly tarball no local data for negotiator@https://registry.npmjs.org/negotiator/-/negotiator-1.1.0.tgz. Extracting by manifest.
128 silly tarball no local data for ms@https://registry.npmjs.org/ms/-/ms-2.1.3.tgz. Extracting by manifest.
129 silly tarball no local data for mime-types@https://registry.npmjs.org/mime-types/-/mime-types-3.0.2.tgz. Extracting by manifest.
130 silly tarball no local data for mime-db@https://registry.npmjs.org/mime-db/-/mime-db-1.54.0.tgz. Extracting by manifest.
131 silly tarball no local data for merge-descriptors@https://registry.npmjs.org/merge-descriptors/-/merge-descriptors-2.0.0.tgz. Extracting by manifest.
132 silly tarball no local data for media-typer@https://registry.npmjs.org/media-typer/-/media-typer-1.1.1.tgz. Extracting by manifest.
133 silly tarball no local data for math-intrinsics@https://registry.npmjs.org/math-intrinsics/-/math-intrinsics-1.1.0.tgz. Extracting by manifest.
134 silly tarball no local data for is-promise@https://registry.npmjs.org/is-promise/-/is-promise-4.0.0.tgz. Extracting by manifest.
135 silly tarball no local data for ipaddr.js@https://registry.npmjs.org/ipaddr.js/-/ipaddr.js-1.9.1.tgz. Extracting by manifest.
136 silly tarball no local data for inherits@https://registry.npmjs.org/inherits/-/inherits-2.0.4.tgz. Extracting by manifest.
137 silly tarball no local data for iconv-lite@https://registry.npmjs.org/iconv-lite/-/iconv-lite-0.7.3.tgz. Extracting by manifest.
138 silly tarball no local data for http-errors@https://registry.npmjs.org/http-errors/-/http-errors-2.0.1.tgz. Extracting by manifest.
139 silly tarball no local data for hasown@https://registry.npmjs.org/hasown/-/hasown-2.0.4.tgz. Extracting by manifest.
140 silly tarball no local data for has-symbols@https://registry.npmjs.org/has-symbols/-/has-symbols-1.1.0.tgz. Extracting by manifest.
141 silly tarball no local data for gopd@https://registry.npmjs.org/gopd/-/gopd-1.2.0.tgz. Extracting by manifest.
142 silly tarball no local data for get-proto@https://registry.npmjs.org/get-proto/-/get-proto-1.0.1.tgz. Extracting by manifest.
143 silly tarball no local data for get-intrinsic@https://registry.npmjs.org/get-intrinsic/-/get-intrinsic-1.3.0.tgz. Extracting by manifest.
144 silly tarball no local data for function-bind@https://registry.npmjs.org/function-bind/-/function-bind-1.1.2.tgz. Extracting by manifest.
145 silly tarball no local data for fresh@https://registry.npmjs.org/fresh/-/fresh-2.0.0.tgz. Extracting by manifest.
146 silly tarball no local data for forwarded@https://registry.npmjs.org/forwarded/-/forwarded-0.2.0.tgz. Extracting by manifest.
147 silly tarball no local data for finalhandler@https://registry.npmjs.org/finalhandler/-/finalhandler-2.1.1.tgz. Extracting by manifest.
148 silly tarball no local data for etag@https://registry.npmjs.org/etag/-/etag-1.8.1.tgz. Extracting by manifest.
149 silly tarball no local data for escape-html@https://registry.npmjs.org/escape-html/-/escape-html-1.0.3.tgz. Extracting by manifest.
150 silly tarball no local data for es-object-atoms@https://registry.npmjs.org/es-object-atoms/-/es-object-atoms-1.1.2.tgz. Extracting by manifest.
151 silly tarball no local data for es-errors@https://registry.npmjs.org/es-errors/-/es-errors-1.3.0.tgz. Extracting by manifest.
152 silly tarball no local data for es-define-property@https://registry.npmjs.org/es-define-property/-/es-define-property-1.0.1.tgz. Extracting by manifest.
153 silly tarball no local data for encodeurl@https://registry.npmjs.org/encodeurl/-/encodeurl-2.0.0.tgz. Extracting by manifest.
154 silly tarball no local data for ee-first@https://registry.npmjs.org/ee-first/-/ee-first-1.1.1.tgz. Extracting by manifest.
155 silly tarball no local data for dunder-proto@https://registry.npmjs.org/dunder-proto/-/dunder-proto-1.0.1.tgz. Extracting by manifest.
156 silly tarball no local data for debug@https://registry.npmjs.org/debug/-/debug-4.4.3.tgz. Extracting by manifest.
157 silly tarball no local data for depd@https://registry.npmjs.org/depd/-/depd-2.0.0.tgz. Extracting by manifest.
158 silly tarball no local data for cookie-signature@https://registry.npmjs.org/cookie-signature/-/cookie-signature-1.2.2.tgz. Extracting by manifest.
159 silly tarball no local data for cookie@https://registry.npmjs.org/cookie/-/cookie-0.7.2.tgz. Extracting by manifest.
160 silly tarball no local data for content-type@https://registry.npmjs.org/content-type/-/content-type-1.0.5.tgz. Extracting by manifest.
161 silly tarball no local data for content-disposition@https://registry.npmjs.org/content-disposition/-/content-disposition-1.1.0.tgz. Extracting by manifest.
162 silly tarball no local data for call-bound@https://registry.npmjs.org/call-bound/-/call-bound-1.0.4.tgz. Extracting by manifest.
163 silly tarball no local data for call-bind-apply-helpers@https://registry.npmjs.org/call-bind-apply-helpers/-/call-bind-apply-helpers-1.0.2.tgz. Extracting by manifest.
164 silly tarball no local data for bytes@https://registry.npmjs.org/bytes/-/bytes-3.1.2.tgz. Extracting by manifest.
165 silly tarball no local data for body-parser@https://registry.npmjs.org/body-parser/-/body-parser-2.3.0.tgz. Extracting by manifest.
166 silly tarball no local data for accepts@https://registry.npmjs.org/accepts/-/accepts-2.0.0.tgz. Extracting by manifest.
167 silly tarball no local data for content-type@https://registry.npmjs.org/content-type/-/content-type-2.1.0.tgz. Extracting by manifest.
168 silly tarball no local data for content-type@https://registry.npmjs.org/content-type/-/content-type-2.1.0.tgz. Extracting by manifest.
169 silly tarball no local data for content-type@https://registry.npmjs.org/content-type/-/content-type-2.1.0.tgz. Extracting by manifest.
170 silly tarball no local data for type-is@https://registry.npmjs.org/type-is/-/type-is-2.1.0.tgz. Extracting by manifest.
171 http fetch POST 200 https://registry.npmjs.org/-/npm/v1/security/advisories/bulk 458ms
172 silly audit report {}
173 http fetch GET 200 https://registry.npmjs.org/range-parser/-/range-parser-1.3.0.tgz 992ms (cache miss)
174 http fetch GET 200 https://registry.npmjs.org/wrappy/-/wrappy-1.0.2.tgz 1019ms (cache miss)
175 http fetch GET 200 https://registry.npmjs.org/setprototypeof/-/setprototypeof-1.2.0.tgz 1019ms (cache miss)
176 http fetch GET 200 https://registry.npmjs.org/toidentifier/-/toidentifier-1.0.1.tgz 1063ms (cache miss)
177 http fetch GET 200 https://registry.npmjs.org/unpipe/-/unpipe-1.0.0.tgz 1060ms (cache miss)
178 http fetch GET 200 https://registry.npmjs.org/object-assign/-/object-assign-4.1.1.tgz 1031ms (cache miss)
179 http fetch GET 200 https://registry.npmjs.org/once/-/once-1.4.0.tgz 1050ms (cache miss)
180 http fetch GET 200 https://registry.npmjs.org/serve-static/-/serve-static-2.2.1.tgz 1065ms (cache miss)
181 http fetch GET 200 https://registry.npmjs.org/inherits/-/inherits-2.0.4.tgz 1032ms (cache miss)
182 http fetch GET 200 https://registry.npmjs.org/is-promise/-/is-promise-4.0.0.tgz 1037ms (cache miss)
183 http fetch GET 200 https://registry.npmjs.org/cors/-/cors-2.8.6.tgz 1097ms (cache miss)
184 http fetch GET 200 https://registry.npmjs.org/ms/-/ms-2.1.3.tgz 1057ms (cache miss)
185 http fetch GET 200 https://registry.npmjs.org/parseurl/-/parseurl-1.3.3.tgz 1067ms (cache miss)
186 http fetch GET 200 https://registry.npmjs.org/merge-descriptors/-/merge-descriptors-2.0.0.tgz 1056ms (cache miss)
187 http fetch GET 200 https://registry.npmjs.org/forwarded/-/forwarded-0.2.0.tgz 1037ms (cache miss)
188 http fetch GET 200 https://registry.npmjs.org/proxy-addr/-/proxy-addr-2.0.7.tgz 1082ms (cache miss)
189 http fetch GET 200 https://registry.npmjs.org/vary/-/vary-1.1.2.tgz 1110ms (cache miss)
190 http fetch GET 200 https://registry.npmjs.org/on-finished/-/on-finished-2.4.1.tgz 1079ms (cache miss)
191 http fetch GET 200 https://registry.npmjs.org/media-typer/-/media-typer-1.1.1.tgz 1069ms (cache miss)
192 http fetch GET 200 https://registry.npmjs.org/content-type/-/content-type-2.1.0.tgz 1011ms (cache miss)
193 http fetch GET 200 https://registry.npmjs.org/send/-/send-1.2.1.tgz 1105ms (cache miss)
194 http fetch GET 200 https://registry.npmjs.org/statuses/-/statuses-2.0.2.tgz 1120ms (cache miss)
195 http fetch GET 200 https://registry.npmjs.org/get-proto/-/get-proto-1.0.1.tgz 1067ms (cache miss)
196 http fetch GET 200 https://registry.npmjs.org/es-define-property/-/es-define-property-1.0.1.tgz 1055ms (cache miss)
197 http fetch GET 200 https://registry.npmjs.org/raw-body/-/raw-body-3.0.2.tgz 1110ms (cache miss)
198 http fetch GET 200 https://registry.npmjs.org/hasown/-/hasown-2.0.4.tgz 1082ms (cache miss)
199 http fetch GET 200 https://registry.npmjs.org/fresh/-/fresh-2.0.0.tgz 1075ms (cache miss)
200 http fetch GET 200 https://registry.npmjs.org/finalhandler/-/finalhandler-2.1.1.tgz 1073ms (cache miss)
201 http fetch GET 200 https://registry.npmjs.org/encodeurl/-/encodeurl-2.0.0.tgz 1065ms (cache miss)
202 http fetch GET 200 https://registry.npmjs.org/side-channel/-/side-channel-1.1.1.tgz 1133ms (cache miss)
203 http fetch GET 200 https://registry.npmjs.org/content-type/-/content-type-1.0.5.tgz 1065ms (cache miss)
204 http fetch GET 200 https://registry.npmjs.org/cookie-signature/-/cookie-signature-1.2.2.tgz 1070ms (cache miss)
205 http fetch GET 200 https://registry.npmjs.org/cookie/-/cookie-0.7.2.tgz 1070ms (cache miss)
206 http fetch GET 200 https://registry.npmjs.org/safer-buffer/-/safer-buffer-2.1.2.tgz 1138ms (cache miss)
207 http fetch GET 200 https://registry.npmjs.org/side-channel-weakmap/-/side-channel-weakmap-1.0.2.tgz 1151ms (cache miss)
208 http fetch GET 200 https://registry.npmjs.org/http-errors/-/http-errors-2.0.1.tgz 1107ms (cache miss)
209 http fetch GET 200 https://registry.npmjs.org/etag/-/etag-1.8.1.tgz 1094ms (cache miss)
210 http fetch GET 200 https://registry.npmjs.org/escape-html/-/escape-html-1.0.3.tgz 1094ms (cache miss)
211 http fetch GET 200 https://registry.npmjs.org/ee-first/-/ee-first-1.1.1.tgz 1088ms (cache miss)
212 http fetch GET 200 https://registry.npmjs.org/bytes/-/bytes-3.1.2.tgz 1064ms (cache miss)
213 http fetch GET 200 https://registry.npmjs.org/accepts/-/accepts-2.0.0.tgz 1063ms (cache miss)
214 http fetch GET 200 https://registry.npmjs.org/content-type/-/content-type-2.1.0.tgz 1061ms (cache miss)
215 http fetch GET 200 https://registry.npmjs.org/content-type/-/content-type-2.1.0.tgz 1063ms (cache miss)
216 http fetch GET 200 https://registry.npmjs.org/side-channel-list/-/side-channel-list-1.0.1.tgz 1159ms (cache miss)
217 http fetch GET 200 https://registry.npmjs.org/side-channel-map/-/side-channel-map-1.0.1.tgz 1163ms (cache miss)
218 http fetch GET 200 https://registry.npmjs.org/mime-types/-/mime-types-3.0.2.tgz 1133ms (cache miss)
219 http fetch GET 200 https://registry.npmjs.org/es-object-atoms/-/es-object-atoms-1.1.2.tgz 1109ms (cache miss)
220 http fetch GET 200 https://registry.npmjs.org/content-disposition/-/content-disposition-1.1.0.tgz 1096ms (cache miss)
221 http fetch GET 200 https://registry.npmjs.org/negotiator/-/negotiator-1.1.0.tgz 1154ms (cache miss)
222 http fetch GET 200 https://registry.npmjs.org/ipaddr.js/-/ipaddr.js-1.9.1.tgz 1152ms (cache miss)
223 http fetch GET 200 https://registry.npmjs.org/gopd/-/gopd-1.2.0.tgz 1144ms (cache miss)
224 http fetch GET 200 https://registry.npmjs.org/type-is/-/type-is-2.1.0.tgz 1095ms (cache miss)
225 http fetch GET 200 https://registry.npmjs.org/path-to-regexp/-/path-to-regexp-8.4.2.tgz 1178ms (cache miss)
226 http fetch GET 200 https://registry.npmjs.org/depd/-/depd-2.0.0.tgz 1130ms (cache miss)
227 http fetch GET 200 https://registry.npmjs.org/call-bound/-/call-bound-1.0.4.tgz 1125ms (cache miss)
228 http fetch GET 200 https://registry.npmjs.org/es-errors/-/es-errors-1.3.0.tgz 1150ms (cache miss)
229 http fetch GET 200 https://registry.npmjs.org/dunder-proto/-/dunder-proto-1.0.1.tgz 1145ms (cache miss)
230 http fetch GET 200 https://registry.npmjs.org/call-bind-apply-helpers/-/call-bind-apply-helpers-1.0.2.tgz 1125ms (cache miss)
231 http fetch GET 200 https://registry.npmjs.org/router/-/router-2.2.0.tgz 1208ms (cache miss)
232 http fetch GET 200 https://registry.npmjs.org/get-intrinsic/-/get-intrinsic-1.3.0.tgz 1171ms (cache miss)
233 http fetch GET 200 https://registry.npmjs.org/mime-db/-/mime-db-1.54.0.tgz 1193ms (cache miss)
234 http fetch GET 200 https://registry.npmjs.org/has-symbols/-/has-symbols-1.1.0.tgz 1179ms (cache miss)
235 http fetch GET 200 https://registry.npmjs.org/body-parser/-/body-parser-2.3.0.tgz 1133ms (cache miss)
236 http fetch GET 200 https://registry.npmjs.org/function-bind/-/function-bind-1.1.2.tgz 1175ms (cache miss)
237 http fetch GET 200 https://registry.npmjs.org/debug/-/debug-4.4.3.tgz 1158ms (cache miss)
238 http fetch GET 200 https://registry.npmjs.org/express/-/express-5.2.1.tgz 1256ms (cache miss)
239 http fetch GET 200 https://registry.npmjs.org/math-intrinsics/-/math-intrinsics-1.1.0.tgz 1210ms (cache miss)
240 http fetch GET 200 https://registry.npmjs.org/qs/-/qs-6.16.0.tgz 1256ms (cache miss)
241 http fetch GET 200 https://registry.npmjs.org/object-inspect/-/object-inspect-1.13.4.tgz 1250ms (cache miss)
242 http fetch GET 200 https://registry.npmjs.org/iconv-lite/-/iconv-lite-0.7.3.tgz 1240ms (cache miss)
243 silly ADD node_modules/express
244 silly ADD node_modules/cors
245 silly ADD node_modules/wrappy
246 silly ADD node_modules/vary
247 silly ADD node_modules/unpipe
248 silly ADD node_modules/type-is
249 silly ADD node_modules/type-is/node_modules/content-type
250 silly ADD node_modules/toidentifier
251 silly ADD node_modules/statuses
252 silly ADD node_modules/side-channel-weakmap
253 silly ADD node_modules/side-channel-map
254 silly ADD node_modules/side-channel-list
255 silly ADD node_modules/side-channel
256 silly ADD node_modules/setprototypeof
257 silly ADD node_modules/serve-static
258 silly ADD node_modules/send
259 silly ADD node_modules/safer-buffer
260 silly ADD node_modules/router
261 silly ADD node_modules/raw-body
262 silly ADD node_modules/range-parser
263 silly ADD node_modules/qs
264 silly ADD node_modules/proxy-addr
265 silly ADD node_modules/path-to-regexp
266 silly ADD node_modules/parseurl
267 silly ADD node_modules/once
268 silly ADD node_modules/on-finished
269 silly ADD node_modules/object-inspect
270 silly ADD node_modules/object-assign
271 silly ADD node_modules/negotiator
272 silly ADD node_modules/negotiator/node_modules/content-type
273 silly ADD node_modules/ms
274 silly ADD node_modules/mime-types
275 silly ADD node_modules/mime-db
276 silly ADD node_modules/merge-descriptors
277 silly ADD node_modules/media-typer
278 silly ADD node_modules/math-intrinsics
279 silly ADD node_modules/is-promise
280 silly ADD node_modules/ipaddr.js
281 silly ADD node_modules/inherits
282 silly ADD node_modules/iconv-lite
283 silly ADD node_modules/http-errors
284 silly ADD node_modules/hasown
285 silly ADD node_modules/has-symbols
286 silly ADD node_modules/gopd
287 silly ADD node_modules/get-proto
288 silly ADD node_modules/get-intrinsic
289 silly ADD node_modules/function-bind
290 silly ADD node_modules/fresh
291 silly ADD node_modules/forwarded
292 silly ADD node_modules/finalhandler
293 silly ADD node_modules/etag
294 silly ADD node_modules/escape-html
295 silly ADD node_modules/es-object-atoms
296 silly ADD node_modules/es-errors
297 silly ADD node_modules/es-define-property
298 silly ADD node_modules/encodeurl
299 silly ADD node_modules/ee-first
300 silly ADD node_modules/dunder-proto
301 silly ADD node_modules/depd
302 silly ADD node_modules/debug
303 silly ADD node_modules/cookie-signature
304 silly ADD node_modules/cookie
305 silly ADD node_modules/content-type
306 silly ADD node_modules/content-disposition
307 silly ADD node_modules/call-bound
308 silly ADD node_modules/call-bind-apply-helpers
309 silly ADD node_modules/bytes
310 silly ADD node_modules/body-parser
311 silly ADD node_modules/body-parser/node_modules/content-type
312 silly ADD node_modules/accepts
313 verbose cwd /data/data/com.termux/files/home/my-turso-app
314 verbose os Linux 4.19.113-27223811
315 verbose node v26.4.0
316 verbose npm  v11.19.1
317 verbose exit 0
318 info ok
